// Jest Snapshot v1, https://goo.gl/fbAQLP

exports[`Sign up Component Testing if Sign up Screen Component loads up 1`] = `
<View
  style={
    Object {
      "backgroundColor": "#488529",
      "flex": 1,
    }
  }
>
  <View
    style={
      Object {
        "backgroundColor": "#ffffff",
        "borderColor": "rgba(0, 0, 0, 0.12)",
        "borderRadius": 4,
        "elevation": 1,
        "shadowColor": "#000000",
        "shadowOffset": Object {
          "height": 0.5,
          "width": 0,
        },
        "shadowOpacity": 0.24,
        "shadowRadius": 0.75,
      }
    }
  >
    <View
      accessible={true}
      focusable={false}
      onClick={[Function]}
      onResponderGrant={[Function]}
      onResponderMove={[Function]}
      onResponderRelease={[Function]}
      onResponderTerminate={[Function]}
      onResponderTerminationRequest={[Function]}
      onStartShouldSetResponder={[Function]}
      style={
        Object {
          "flexGrow": 1,
          "flexShrink": 1,
        }
      }
    >
      <View
        style={
          Array [
            Object {
              "backgroundColor": "#eeeeee",
              "height": 195,
              "overflow": "hidden",
            },
            Object {
              "borderRadius": 4,
            },
            Object {
              "height": 200,
            },
          ]
        }
      >
        <Image
          siblings={
            Array [
              "withTheme(Card.Cover)",
            ]
          }
          source={
            Object {
              "uri": "https://picsum.photos/700",
            }
          }
          style={
            Array [
              Object {
                "flex": 1,
                "height": undefined,
                "justifyContent": "flex-end",
                "padding": 16,
                "width": undefined,
              },
              Object {
                "borderRadius": 4,
              },
            ]
          }
        />
      </View>
    </View>
  </View>
  <View
    forwardedRef={[Function]}
    style={
      Object {
        "backgroundColor": "#fff",
        "flex": 3,
        "opacity": 0,
        "paddingHorizontal": 20,
        "paddingVertical": 30,
        "transform": Array [
          Object {
            "translateY": 500,
          },
        ],
      }
    }
  >
    <RCTScrollView
      collapsable={false}
      onGestureHandlerEvent={[Function]}
      onGestureHandlerStateChange={[Function]}
    >
      <View>
        <View
          style={
            Object {
              "alignItems": "center",
              "marginVertical": 50,
            }
          }
        >
          <Text
            style={
              Object {
                "color": "#05375a",
                "fontSize": 18,
              }
            }
          >
            Email
          </Text>
          <View
            style={
              Object {
                "borderBottomColor": "#f2f2f2",
                "borderBottomWidth": 1,
                "flexDirection": "row",
                "marginTop": 10,
                "paddingBottom": 5,
              }
            }
          >
            <Text />
            <TextInput
              allowFontScaling={true}
              autoCapitalize="none"
              onChangeText={[Function]}
              placeholder="Your Email"
              placeholderTextColor="#666666"
              rejectResponderTermination={true}
              style={
                Object {
                  "color": "#05375a",
                  "flex": 1,
                  "marginTop": 0,
                  "paddingLeft": 10,
                }
              }
              underlineColorAndroid="transparent"
            />
          </View>
          <Text
            style={
              Array [
                Object {
                  "color": "#05375a",
                  "fontSize": 18,
                },
                Object {
                  "marginTop": 35,
                },
              ]
            }
          >
            Password
          </Text>
          <View
            style={
              Object {
                "borderBottomColor": "#f2f2f2",
                "borderBottomWidth": 1,
                "flexDirection": "row",
                "marginTop": 10,
                "paddingBottom": 5,
              }
            }
          >
            <Text />
            <TextInput
              allowFontScaling={true}
              autoCapitalize="none"
              onChangeText={[Function]}
              placeholder="Your Password"
              placeholderTextColor="#666666"
              rejectResponderTermination={true}
              secureTextEntry={true}
              style={
                Object {
                  "color": "#05375a",
                  "flex": 1,
                  "marginTop": 0,
                  "paddingLeft": 10,
                }
              }
              underlineColorAndroid="transparent"
            />
          </View>
        </View>
        <View
          style={
            Object {
              "alignItems": "center",
              "height": 50,
              "marginHorizontal": 80,
              "width": "50%",
            }
          }
        >
          <View
            accessible={true}
            focusable={true}
            onClick={[Function]}
            onResponderGrant={[Function]}
            onResponderMove={[Function]}
            onResponderRelease={[Function]}
            onResponderTerminate={[Function]}
            onResponderTerminationRequest={[Function]}
            onStartShouldSetResponder={[Function]}
            style={
              Object {
                "alignItems": "center",
                "borderColor": "#009387",
                "borderRadius": 10,
                "borderWidth": 1,
                "height": 50,
                "justifyContent": "center",
                "opacity": 1,
                "width": "100%",
              }
            }
          >
            <Text
              style={
                Object {
                  "color": "#009387",
                  "fontSize": 18,
                  "fontWeight": "bold",
                }
              }
            >
              Log in
            </Text>
          </View>
        </View>
        <View
          style={
            Object {
              "flexDirection": "row",
              "marginTop": 30,
            }
          }
        >
          <Text
            style={
              Object {
                "color": "#009387",
              }
            }
          >
            Do you not have an account?
          </Text>
          <View
            accessible={true}
            focusable={true}
            onClick={[Function]}
            onResponderGrant={[Function]}
            onResponderMove={[Function]}
            onResponderRelease={[Function]}
            onResponderTerminate={[Function]}
            onResponderTerminationRequest={[Function]}
            onStartShouldSetResponder={[Function]}
            style={
              Object {
                "opacity": 1,
              }
            }
          >
            <Text
              style={
                Object {
                  "color": "blue",
                  "marginLeft": 10,
                }
              }
            >
              Click Here
            </Text>
          </View>
        </View>
      </View>
    </RCTScrollView>
  </View>
</View>
`;
