// Jest Snapshot v1, https://goo.gl/fbAQLP

exports[`Creat Chat Component Testing if Message Component loads up 1`] = `
<View
  onLayout={[Function]}
  style={
    Object {
      "flex": 1,
    }
  }
/>
`;
