// Jest Snapshot v1, https://goo.gl/fbAQLP

exports[`Sign up Component Testing if Sign up Screen Component loads up 1`] = `
<View
  style={
    Object {
      "backgroundColor": "#009387",
      "flex": 1,
    }
  }
>
  <View
    forwardedRef={[Function]}
    style={
      Object {
        "backgroundColor": "#fff",
        "flex": 1,
        "opacity": 0,
        "paddingHorizontal": 20,
        "paddingVertical": 30,
        "transform": Array [
          Object {
            "translateY": 500,
          },
        ],
      }
    }
  >
    <View
      onLayout={[Function]}
      style={
        Array [
          Object {
            "flex": 1,
          },
          Object {
            "paddingBottom": 0,
          },
        ]
      }
    >
      <RCTScrollView>
        <View>
          <View>
            <Text
              style={
                Object {
                  "color": "#05375a",
                  "fontSize": 18,
                  "marginTop": 35,
                }
              }
            >
              Student Name
            </Text>
            <View
              style={
                Object {
                  "borderBottomColor": "#f2f2f2",
                  "borderBottomWidth": 1,
                  "flexDirection": "row",
                  "marginTop": 10,
                  "paddingBottom": 5,
                }
              }
            >
              <Text />
              <TextInput
                allowFontScaling={true}
                autoCapitalize="none"
                onChangeText={[Function]}
                onEndEditing={[Function]}
                placeholder="Your Name"
                rejectResponderTermination={true}
                style={
                  Object {
                    "flex": 1,
                    "marginTop": 0,
                    "paddingLeft": 10,
                  }
                }
                underlineColorAndroid="transparent"
              />
            </View>
            <View>
              <Text
                style={
                  Object {
                    "color": "#05375a",
                    "fontSize": 18,
                    "marginTop": 35,
                  }
                }
              >
                University
              </Text>
              <View
                style={
                  Object {
                    "borderBottomColor": "#f2f2f2",
                    "borderBottomWidth": 1,
                    "flexDirection": "row",
                    "marginTop": 10,
                    "paddingBottom": 5,
                  }
                }
              >
                <Text />
                <View
                  style={
                    Object {
                      "marginLeft": 5,
                    }
                  }
                >
                  <View
                    style={
                      Array [
                        Object {
                          "alignSelf": "stretch",
                        },
                        undefined,
                      ]
                    }
                  >
                    <View
                      accessible={true}
                      focusable={true}
                      onClick={[Function]}
                      onResponderGrant={[Function]}
                      onResponderMove={[Function]}
                      onResponderRelease={[Function]}
                      onResponderTerminate={[Function]}
                      onResponderTerminationRequest={[Function]}
                      onStartShouldSetResponder={[Function]}
                      style={
                        Object {
                          "opacity": 1,
                        }
                      }
                      testID="ios_touchable_wrapper"
                    >
                      <View
                        pointerEvents="box-only"
                      >
                        <TextInput
                          allowFontScaling={true}
                          editable={false}
                          rejectResponderTermination={true}
                          style={
                            Array [
                              undefined,
                              Object {
                                "color": "#c7c7cd",
                              },
                            ]
                          }
                          testID="text_input"
                          underlineColorAndroid="transparent"
                          value="Select University"
                        />
                      </View>
                    </View>
                    <Modal
                      hardwareAccelerated={false}
                      onOrientationChange={[Function]}
                      supportedOrientations={
                        Array [
                          "portrait",
                          "landscape",
                        ]
                      }
                      testID="ios_modal"
                      transparent={true}
                      visible={false}
                    >
                      <View
                        accessible={true}
                        focusable={true}
                        onClick={[Function]}
                        onResponderGrant={[Function]}
                        onResponderMove={[Function]}
                        onResponderRelease={[Function]}
                        onResponderTerminate={[Function]}
                        onResponderTerminationRequest={[Function]}
                        onStartShouldSetResponder={[Function]}
                        style={
                          Object {
                            "flex": 1,
                            "opacity": 1,
                          }
                        }
                        testID="ios_modal_top"
                      />
                      <View
                        style={
                          Array [
                            Object {
                              "alignItems": "center",
                              "backgroundColor": "#f8f8f8",
                              "borderTopColor": "#dedede",
                              "borderTopWidth": 1,
                              "flexDirection": "row",
                              "height": 45,
                              "justifyContent": "space-between",
                              "paddingHorizontal": 10,
                              "zIndex": 2,
                            },
                            undefined,
                          ]
                        }
                        testID="input_accessory_view"
                      >
                        <View
                          style={
                            Array [
                              Object {
                                "flexDirection": "row",
                              },
                              undefined,
                            ]
                          }
                        >
                          <View
                            accessible={true}
                            focusable={true}
                            onClick={[Function]}
                            onResponderGrant={[Function]}
                            onResponderMove={[Function]}
                            onResponderRelease={[Function]}
                            onResponderTerminate={[Function]}
                            onResponderTerminationRequest={[Function]}
                            onStartShouldSetResponder={[Function]}
                            style={
                              Object {
                                "opacity": 1,
                              }
                            }
                          >
                            <View
                              style={
                                Array [
                                  Object {
                                    "backgroundColor": "transparent",
                                    "borderColor": "#a1a1a1",
                                    "borderRightWidth": 1.5,
                                    "borderTopWidth": 1.5,
                                    "height": 15,
                                    "width": 15,
                                  },
                                  undefined,
                                  Object {
                                    "marginLeft": 11,
                                    "transform": Array [
                                      Object {
                                        "translateY": 4,
                                      },
                                      Object {
                                        "rotate": "-45deg",
                                      },
                                    ],
                                  },
                                  undefined,
                                  Object {},
                                ]
                              }
                            />
                          </View>
                          <View
                            accessible={true}
                            focusable={true}
                            onClick={[Function]}
                            onResponderGrant={[Function]}
                            onResponderMove={[Function]}
                            onResponderRelease={[Function]}
                            onResponderTerminate={[Function]}
                            onResponderTerminationRequest={[Function]}
                            onStartShouldSetResponder={[Function]}
                            style={
                              Object {
                                "opacity": 1,
                              }
                            }
                          >
                            <View
                              style={
                                Array [
                                  Object {
                                    "backgroundColor": "transparent",
                                    "borderColor": "#a1a1a1",
                                    "borderRightWidth": 1.5,
                                    "borderTopWidth": 1.5,
                                    "height": 15,
                                    "width": 15,
                                  },
                                  undefined,
                                  Object {
                                    "marginLeft": 22,
                                    "transform": Array [
                                      Object {
                                        "translateY": -5,
                                      },
                                      Object {
                                        "rotate": "135deg",
                                      },
                                    ],
                                  },
                                  undefined,
                                  Object {},
                                ]
                              }
                            />
                          </View>
                        </View>
                        <View
                          accessible={true}
                          focusable={true}
                          hitSlop={
                            Object {
                              "bottom": 4,
                              "left": 4,
                              "right": 4,
                              "top": 4,
                            }
                          }
                          onClick={[Function]}
                          onResponderGrant={[Function]}
                          onResponderMove={[Function]}
                          onResponderRelease={[Function]}
                          onResponderTerminate={[Function]}
                          onResponderTerminationRequest={[Function]}
                          onStartShouldSetResponder={[Function]}
                          style={
                            Object {
                              "opacity": 1,
                            }
                          }
                          testID="done_button"
                        >
                          <View
                            testID="needed_for_touchable"
                          >
                            <Text
                              allowFontScaling={false}
                              style={
                                Array [
                                  Object {
                                    "color": "#007aff",
                                    "fontSize": 17,
                                    "fontWeight": "600",
                                    "paddingRight": 11,
                                    "paddingTop": 1,
                                  },
                                  undefined,
                                  Object {},
                                ]
                              }
                              testID="done_text"
                            >
                              Done
                            </Text>
                          </View>
                        </View>
                      </View>
                      <View
                        style={
                          Array [
                            Object {
                              "backgroundColor": "#d0d4da",
                              "justifyContent": "center",
                            },
                            Object {
                              "height": 215,
                            },
                            undefined,
                          ]
                        }
                      >
                        <View>
                          <RNCPicker
                            items={
                              Array [
                                Object {
                                  "label": "Select University",
                                  "testID": undefined,
                                  "textColor": undefined,
                                  "value": "Select",
                                },
                                Object {
                                  "label": "Apple",
                                  "testID": undefined,
                                  "textColor": undefined,
                                  "value": "apple",
                                },
                                Object {
                                  "label": "Banana",
                                  "testID": undefined,
                                  "textColor": undefined,
                                  "value": "banana",
                                },
                              ]
                            }
                            onChange={[Function]}
                            selectedIndex={0}
                            style={
                              Array [
                                Object {
                                  "height": 216,
                                },
                                undefined,
                              ]
                            }
                            testID="ios_picker"
                          />
                        </View>
                      </View>
                    </Modal>
                  </View>
                </View>
              </View>
            </View>
            <Text
              style={
                Object {
                  "color": "#05375a",
                  "fontSize": 18,
                  "marginTop": 35,
                }
              }
            >
              Email
            </Text>
            <View
              style={
                Object {
                  "borderBottomColor": "#f2f2f2",
                  "borderBottomWidth": 1,
                  "flexDirection": "row",
                  "marginTop": 10,
                  "paddingBottom": 5,
                }
              }
            >
              <Text />
              <TextInput
                allowFontScaling={true}
                autoCapitalize="none"
                onChangeText={[Function]}
                onEndEditing={[Function]}
                placeholder="Your Email"
                rejectResponderTermination={true}
                style={
                  Object {
                    "flex": 1,
                    "marginTop": 0,
                    "paddingLeft": 10,
                  }
                }
                underlineColorAndroid="transparent"
              />
            </View>
            <Text
              style={
                Object {
                  "color": "#05375a",
                  "fontSize": 18,
                  "marginTop": 35,
                }
              }
            >
              Password
            </Text>
            <View
              style={
                Object {
                  "borderBottomColor": "#f2f2f2",
                  "borderBottomWidth": 1,
                  "flexDirection": "row",
                  "marginTop": 10,
                  "paddingBottom": 5,
                }
              }
            >
              <Text />
              <TextInput
                allowFontScaling={true}
                autoCapitalize="none"
                onChangeText={[Function]}
                onEndEditing={[Function]}
                placeholder="Your Password"
                rejectResponderTermination={true}
                secureTextEntry={true}
                style={
                  Object {
                    "flex": 1,
                    "marginTop": 0,
                    "paddingLeft": 10,
                  }
                }
                underlineColorAndroid="transparent"
              />
              <View
                accessible={true}
                focusable={true}
                onClick={[Function]}
                onResponderGrant={[Function]}
                onResponderMove={[Function]}
                onResponderRelease={[Function]}
                onResponderTerminate={[Function]}
                onResponderTerminationRequest={[Function]}
                onStartShouldSetResponder={[Function]}
                style={
                  Object {
                    "opacity": 1,
                  }
                }
              >
                <Text />
              </View>
            </View>
            <Text
              style={
                Object {
                  "color": "#05375a",
                  "fontSize": 18,
                  "marginTop": 35,
                }
              }
            >
              Confirm Password
            </Text>
            <View
              style={
                Object {
                  "borderBottomColor": "#f2f2f2",
                  "borderBottomWidth": 1,
                  "flexDirection": "row",
                  "marginTop": 10,
                  "paddingBottom": 5,
                }
              }
            >
              <Text />
              <TextInput
                allowFontScaling={true}
                autoCapitalize="none"
                onChangeText={[Function]}
                onEndEditing={[Function]}
                placeholder="Confirm Your Password"
                rejectResponderTermination={true}
                secureTextEntry={true}
                style={
                  Object {
                    "flex": 1,
                    "marginTop": 0,
                    "paddingLeft": 10,
                  }
                }
                underlineColorAndroid="transparent"
              />
              <View
                accessible={true}
                focusable={true}
                onClick={[Function]}
                onResponderGrant={[Function]}
                onResponderMove={[Function]}
                onResponderRelease={[Function]}
                onResponderTerminate={[Function]}
                onResponderTerminationRequest={[Function]}
                onStartShouldSetResponder={[Function]}
                style={
                  Object {
                    "opacity": 1,
                  }
                }
              >
                <Text />
              </View>
            </View>
            <View
              style={
                Object {
                  "alignItems": "center",
                  "marginTop": 15,
                }
              }
            >
              <View
                accessible={true}
                focusable={true}
                onClick={[Function]}
                onResponderGrant={[Function]}
                onResponderMove={[Function]}
                onResponderRelease={[Function]}
                onResponderTerminate={[Function]}
                onResponderTerminationRequest={[Function]}
                onStartShouldSetResponder={[Function]}
                style={
                  Object {
                    "alignItems": "center",
                    "borderColor": "#009387",
                    "borderRadius": 10,
                    "borderWidth": 1,
                    "height": 50,
                    "justifyContent": "center",
                    "marginTop": 50,
                    "opacity": 1,
                    "width": "50%",
                  }
                }
              >
                <Text
                  style={
                    Array [
                      Object {
                        "fontSize": 18,
                        "fontWeight": "bold",
                      },
                      Object {
                        "color": "#009387",
                      },
                    ]
                  }
                >
                  Sign In
                </Text>
              </View>
            </View>
          </View>
        </View>
      </RCTScrollView>
    </View>
  </View>
</View>
`;
